// Jest Snapshot v1, https://goo.gl/fbAQLP

exports[`Pruebas en GifGrid Debe de mostrar items cuando se cargan imagenes useFetchGifs 1`] = `
<Fragment>
  <h3>
    One Punch
  </h3>
  <div
    className="card-grid"
  >
    <GifGridItem
      id="ABC"
      key="ABC"
      title="Cualquier cosa"
      url="https://localhost/cualquiercosa.jpg"
    />
  </div>
</Fragment>
`;

exports[`Pruebas en GifGrid Verificar que se genero correctamente 1`] = `
<Fragment>
  <h3>
    One Punch
  </h3>
  <p>
    Cargando...
  </p>
  <div
    className="card-grid"
  />
</Fragment>
`;
